Processor	: ARMv7 Processor rev 2 (v7l)
BogoMIPS	: 298.32
Features	: swp half thumb fastmult vfp edsp neon vfpv3 
CPU implementer	: 0x41
CPU architecture: 7
CPU variant	: 0x3
CPU part	: 0xc08
CPU revision	: 2

Hardware	: OMAP3621 GOSSAMER board
Revision	: 0005
Serial		: 3014910105803005
MemTotal:         233008 kB
MemFree:           45228 kB
Buffers:            9168 kB
Cached:            76752 kB
SwapCached:            0 kB
Active:            84884 kB
Inactive:          64660 kB
Active(anon):      64508 kB
Inactive(anon):        0 kB
Active(file):      20376 kB
Inactive(file):    64660 kB
Unevictable:           0 kB
Mlocked:               0 kB
SwapTotal:             0 kB
SwapFree:              0 kB
Dirty:                 0 kB
Writeback:             0 kB
AnonPages:         63636 kB
Mapped:            45024 kB
Slab:              16728 kB
SReclaimable:      13460 kB
SUnreclaim:         3268 kB
PageTables:         3432 kB
NFS_Unstable:          0 kB
Bounce:                0 kB
WritebackTmp:          0 kB
CommitLimit:      116504 kB
Committed_AS:    2737428 kB
VmallocTotal:     647168 kB
VmallocUsed:       20884 kB
VmallocChunk:     617476 kB
major minor  #blocks  name

 179        0    1953792 mmcblk0
 179        1      77808 mmcblk0p1
 179        2      16384 mmcblk0p2
 179        3     194560 mmcblk0p3
 179        4          1 mmcblk0p4
 179        5     294896 mmcblk0p5
 179        6     245744 mmcblk0p6
 179        7     245744 mmcblk0p7
 179        8     821232 mmcblk0p8
 179       16   15558144 mmcblk1
 179       17     262112 mmcblk1p1
 179       18    1835008 mmcblk1p2
# begin build properties
# autogenerated by buildinfo.sh
ro.build.id=ERD79
ro.build.display.id=ERD79
ro.build.version.incremental=1.2.1
ro.build.version.sdk=7
ro.build.version.codename=REL
ro.build.version.release=2.1
ro.build.date=Fri Dec  7 14:35:36 PST 2012
ro.build.date.utc=1354919736
ro.build.type=user
ro.build.user=build
ro.build.host=dhabuildimage04
ro.build.tags=test-keys
ro.product.brand=nook
ro.product.name=zoom2
ro.product.overall.name=NOOK
ro.product.device=zoom2
ro.product.board=zoom2
ro.product.cpu.abi=armeabi
ro.product.manufacturer=BarnesAndNoble
ro.product.locale.language=en
ro.product.locale.region=US
ro.wifi.channels=
ro.board.platform=omap3
# ro.build.product is obsolete; use ro.product.device
ro.build.product=zoom2
ro.build.sourceversion=full
ro.build.description=1.2.1.24.carbon1_2.gossamer.rrdp.s70455
ro.build.fingerprint=generic/zoom2/zoom2/zoom2:2.1/ERD79/1.2.1:user/test-keys
persist.nook.cust.region=US
# end build properties
# system.prop for zoom2
# This overrides settings in the products/generic/system.prop file
#
# rild.libpath=/system/lib/libreference-ril.so
# rild.libargs=-d /dev/ttyS0
# ro.sf.lcd_density=240
ro.sf.widthpixels=600
ro.sf.heightpixels=800
ro.sf.lcd_density.xdpi=167
ro.sf.lcd_density.ydpi=167
opencore.asmd=1
keyguard.no_require_sim=1
wifi.interface=tiwlan0
alsa.mixer.playback.master=DAC2 Analog
alsa.mixer.capture.master=Analog
# With optimized Neon Arm, decoding on ARM is as fast as DSP. 
# Setting limit to 1 Meg, as that seems to be the sweet spot
skia.jpeg_threshold=1024
browser.tioptimization=true
connection.concurrent=10
ro.media.dec.aud.wma.enabled=1
ro.media.dec.vid.wmv.enabled=1
KPI_Instrumentation_Enabled=0

#
# ADDITIONAL_BUILD_PROPERTIES
#
ro.config.notification_sound=OnTheHunt.ogg
ro.config.alarm_alert=Alarm_Classic.ogg
ro.com.android.dateformat=MM-dd-yyyy
ro.com.android.dataroaming=true
ro.url.legal=http://www.google.com/intl/%s/mobile/android/basic/phone-legal.html
ro.url.legal.android_privacy=http://www.google.com/intl/%s/mobile/android/basic/privacy.html
net.bt.name=Android
ro.config.sync=yes
dalvik.vm.stack-trace-file=/data/anr/traces.txt
